<html>
<body>
<pre>
<h1>µVision Build Log</h1>
<h2>Project:</h2>
C:\Users\jiwei\Desktop\TI·É¿Ø\project\template.uvproj
Project File Date:  07/14/2016

<h2>Output:</h2>
Build target 'template'
compiling main.c...
linking...
Program Size: Code=34360 RO-data=7488 RW-data=1644 ZI-data=1092  
"..\output\template.axf" - 0 Error(s), 0 Warning(s).
</pre>
</body>
</html>
ode=SWD, Speed=1000000Hz
Erase Done.
Programming Done.
Verify OK.
g Done.
Verify OK.
.
ling my6050data.c...
compiling control.c...
compiling pid.c...
compiling hmc5883l.c...
compiling LCDDriver.c...
compiling flyaction.c...
compiling fliter.c...
compiling ultrasonic.c...
compiling camearfindway.c...
compiling unlock.c...
linking...
Program Size: Code=34352 RO-data=7488 RW-data=1644 ZI-data=1092  
"..\output\template.axf" - 0 Error(s), 0 Warning(s).
Load "..\\output\\template.axf" 
Connecting: Mode=SWD, Speed=1000000Hz
Erase Done.
Programming Done.
Verify OK.
