ARM Linker, 5.03 [Build 76] [MDK-ARM Professional]

==============================================================================

Section Cross References

    startup_tm4c123.o(RESET) refers to startup_tm4c123.o(STACK) for __initial_sp
    startup_tm4c123.o(RESET) refers to startup_tm4c123.o(.text) for Reset_Handler
    startup_tm4c123.o(.text) refers to system_ti.o(.text) for SystemInit
    startup_tm4c123.o(.text) refers to entry.o(.ARM.Collect$$$$00000000) for __main
    system_ti.o(.text) refers to fpu.o(.text) for FPUEnable
    system_ti.o(.text) refers to timer.o(.text) for TimerIntStatus
    system_ti.o(.text) refers to interrupt.o(.text) for IntPrioritySet
    system_ti.o(.text) refers to main.o(.data) for ms5
    sysctl.o(.text) refers to interrupt.o(.text) for IntRegister
    sysctl.o(.text) refers to cpu.o(.emb_text) for CPUwfi
    sysctl.o(.text) refers to sysctl.o(.emb_text) for SysCtlDelay
    sysctl.o(.text) refers to sysctl.o(.constdata) for g_pui32Xtals
    ssi.o(.text) refers to interrupt.o(.text) for IntRegister
    ssi.o(.text) refers to ssi.o(.constdata) for g_ppui32SSIIntMap
    adc.o(.text) refers to interrupt.o(.text) for IntRegister
    adc.o(.text) refers to adc.o(.data) for g_pui8OversampleFactor
    gpio.o(.text) refers to interrupt.o(.text) for IntRegister
    gpio.o(.text) refers to gpio.o(.constdata) for g_ppui32GPIOIntMapBlizzard
    uart.o(.text) refers to interrupt.o(.text) for IntRegister
    uart.o(.text) refers to uart.o(.constdata) for g_ppui32UARTIntMap
    uartstdio.o(.text) refers to uartstdio.o(.constdata) for g_ui32UARTPeriph
    uartstdio.o(.text) refers to uartstdio.o(.data) for g_ui32Base
    uartstdio.o(.constdata) refers to uartstdio.o(.conststring) for .conststring
    interrupt.o(.text) refers to cpu.o(.emb_text) for CPUcpsie
    interrupt.o(.text) refers to interrupt.o(vtable) for g_pfnRAMVectors
    interrupt.o(.text) refers to interrupt.o(.constdata) for g_pui32Priority
    timer.o(.text) refers to interrupt.o(.text) for IntRegister
    timer.o(.text) refers to timer.o(.constdata) for g_ppui32TimerIntMap
    pwm.o(.text) refers to interrupt.o(.text) for IntRegister
    prepare.o(.text) refers to flyaction.o(.text) for read_key1
    prepare.o(.text) refers to led.o(.text) for led1_on
    prepare.o(.text) refers to lcddriver.o(.text) for LCD_Draw_String
    prepare.o(.text) refers to ultrasonic.o(.text) for send_signal
    prepare.o(.text) refers to system_ti.o(.text) for delay_ms
    prepare.o(.text) refers to main.o(.data) for thrust_base
    prepare.o(.text) refers to prepare.o(.data) for key_ok
    prepare.o(.text) refers to my6050data.o(.text) for yaw_roll_pitch_gyro_data
    prepare.o(.text) refers to f2d.o(.text) for __aeabi_f2d
    prepare.o(.text) refers to dadd.o(.text) for __aeabi_dadd
    prepare.o(.text) refers to ddiv.o(.text) for __aeabi_ddiv
    prepare.o(.text) refers to d2f.o(.text) for __aeabi_d2f
    prepare.o(.text) refers to my_pwm.o(.text) for set_compare
    prepare.o(.text) refers to ultrasonic.o(.data) for distance
    prepare.o(.text) refers to control.o(.data) for height_kp
    main.o(.text) refers to led.o(.text) for led_init
    main.o(.text) refers to unlock.o(.text) for all_gpio_pin_unlock
    main.o(.text) refers to flyaction.o(.text) for key_init
    main.o(.text) refers to prepare.o(.text) for lcd_screen_init
    main.o(.text) refers to camearfindway.o(.text) for camear_gpio_init
    main.o(.text) refers to my6050data.o(.text) for mpu6050_init
    main.o(.text) refers to ultrasonic.o(.text) for ultra_intergrate_init
    main.o(.text) refers to system_ti.o(.text) for delay_ms
    main.o(.text) refers to fliter.o(.text) for fill_array
    main.o(.text) refers to my_pwm.o(.text) for motor_driver
    main.o(.text) refers to control.o(.text) for control_motor
    main.o(.text) refers to main.o(.data) for ms5
    main.o(.text) refers to ultrasonic.o(.data) for distance
    led.o(.text) refers to gpio.o(.text) for GPIOPadConfigSet
    my_usart.o(.text) refers to uart.o(.text) for UARTClockSourceSet
    my_usart.o(.text) refers to uartstdio.o(.text) for UARTStdioConfig
    my_usart.o(.text) refers to gpio.o(.text) for GPIOPadConfigSet
    my_usart.o(.text) refers to my_usart.o(.data) for bluetooth_data
    my_interrupt.o(.text) refers to gpio.o(.text) for GPIOIntStatus
    my_interrupt.o(.text) refers to printfb.o(i.__0printf$bare) for __2printf
    my_interrupt.o(.text) refers to sysctl.o(.text) for SysCtlPeripheralEnable
    my_interrupt.o(.text) refers to interrupt.o(.text) for IntPrioritySet
    my_interrupt.o(.text) refers to timer.o(.text) for TimerConfigure
    my_pwm.o(.text) refers to sysctl.o(.text) for SysCtlPWMClockSet
    my_pwm.o(.text) refers to gpio.o(.text) for GPIOPinConfigure
    my_pwm.o(.text) refers to pwm.o(.text) for PWMGenConfigure
    my_pwm.o(.text) refers to system_ti.o(.text) for delay_ms
    anbt_dmp_driver.o(.text) refers to anbt_dmp_mpu6050.o(.text) for mpu_load_firmware
[...]
    ..\user\hmc5883l.c                       0x00000000   Number         0  hmc5883l.o ABSOLUTE
    ..\user\lcd\LCDDriver.c                  0x00000000   Number         0  lcddriver.o ABSOLUTE
    ..\user\led.c                            0x00000000   Number         0  led.o ABSOLUTE
    ..\user\main.c                           0x00000000   Number         0  main.o ABSOLUTE
    ..\user\my_interrupt.c                   0x00000000   Number         0  my_interrupt.o ABSOLUTE
    ..\user\my_pwm.c                         0x00000000   Number         0  my_pwm.o ABSOLUTE
    ..\user\my_usart.c                       0x00000000   Number         0  my_usart.o ABSOLUTE
    ..\user\pid.c                            0x00000000   Number         0  pid.o ABSOLUTE
    ..\user\prepare.c                        0x00000000   Number         0  prepare.o ABSOLUTE
    ..\user\ultrasonic.c                     0x00000000   Number         0  ultrasonic.o ABSOLUTE
    ..\user\unlock.c                         0x00000000   Number         0  unlock.o ABSOLUTE
    ..\utils\uartstdio.c                     0x00000000   Number         0  uartstdio.o ABSOLUTE
    cdcmple.s                                0x00000000   Number         0  cdcmple.o ABSOLUTE
    cdrcmple.s                               0x00000000   Number         0  cdrcmple.o ABSOLUTE
    cpu.c                                    0x00000000   Number         0  cpu.o ABSOLUTE
    cpu.c                                    0x00000000   Number         0  cpu.o ABSOLUTE
    dc.s                                     0x00000000   Number         0  dc.o ABSOLUTE
    handlers.s                               0x00000000   Number         0  handlers.o ABSOLUTE
    init.s                                   0x00000000   Number         0  init.o ABSOLUTE
    .ARM.Collect$$$$00000000                 0x0000026c   Section        0  entry.o(.ARM.Collect$$$$00000000)
    .ARM.Collect$$$$00000001                 0x0000026c   Section        4  entry2.o(.ARM.Collect$$$$00000001)
    .ARM.Collect$$$$00000004                 0x00000270   Section        4  entry5.o(.ARM.Collect$$$$00000004)
    .ARM.Collect$$$$00000008                 0x00000274   Section        0  entry7b.o(.ARM.Collect$$$$00000008)
    .ARM.Collect$$$$0000000A                 0x00000274   Section        0  entry8b.o(.ARM.Collect$$$$0000000A)
    .ARM.Collect$$$$0000000B                 0x00000274   Section        8  entry9a.o(.ARM.Collect$$$$0000000B)
    .ARM.Collect$$$$0000000D                 0x0000027c   Section        0  entry10a.o(.ARM.Collect$$$$0000000D)
    .ARM.Collect$$$$0000000F                 0x0000027c   Section        0  entry11a.o(.ARM.Collect$$$$0000000F)
    .ARM.Collect$$$$00002712                 0x0000027c   Section        4  entry2.o(.ARM.Collect$$$$00002712)
    __lit__00000000                          0x0000027c   Data           4  entry2.o(.ARM.Collect$$$$00002712)
    .emb_text                                0x00000280   Section        6  sysctl.o(.emb_text)
    $v0                                      0x00000280   Number         0  sysctl.o(.emb_text)
    .emb_text                                0x00000288   Section       38  cpu.o(.emb_text)
    $v0                                      0x00000288   Number         0  cpu.o(.emb_text)
    .text                                    0x000002b0   Section      252  startup_tm4c123.o(.text)
    $v0                                      0x000002b0   Number         0  startup_tm4c123.o(.text)
    .text                                    0x000003ac   Section        0  system_ti.o(.text)
    .text                                    0x00000518   Section        0  fpu.o(.text)
    .text                                    0x000005bc   Section        0  sysctl.o(.text)
    .text                                    0x00000c74   Section        0  ssi.o(.text)
    _SSIIntNumberGet                         0x00000c75   Thumb Code    38  ssi.o(.text)
    .text                                    0x00000de4   Section        0  adc.o(.text)
    _ADCIntNumberGet                         0x00000de5   Thumb Code    42  adc.o(.text)
    .text                                    0x00001138   Section        0  gpio.o(.text)
    _GPIOIntNumberGet                        0x00001139   Thumb Code    38  gpio.o(.text)
    .text                                    0x000017fc   Section        0  interrupt.o(.text)
    _IntDefaultHandler                       0x000017fd   Thumb Code     4  interrupt.o(.text)
    .text                                    0x00001b2c   Section        0  timer.o(.text)
    _TimerIntNumberGet                       0x00001b2d   Thumb Code    50  timer.o(.text)
    .text                                    0x00001d94   Section        0  pwm.o(.text)
    _PWMGenIntNumberGet                      0x00001ec7   Thumb Code   154  pwm.o(.text)
    _PWMFaultIntNumberGet                    0x00001fa5   Thumb Code    34  pwm.o(.text)
    .text                                    0x000020f4   Section        0  prepare.o(.text)
    .text                                    0x000027e4   Section        0  main.o(.text)
    .text                                    0x00002970   Section        0  led.o(.text)
    .text                                    0x00002a4c   Section        0  my_pwm.o(.text)
    .text                                    0x00002bfc   Section        0  anbt_dmp_driver.o(.text)
    decode_gesture                           0x000036d1   Thumb Code    94  anbt_dmp_driver.o(.text)
    .text                                    0x00003984   Section        0  anbt_dmp_mpu6050.o(.text)
    set_int_enable                           0x00003b6b   Thumb Code   138  anbt_dmp_mpu6050.o(.text)
    get_st_biases                            0x00004331   Thumb Code  1128  anbt_dmp_mpu6050.o(.text)
    get_accel_prod_shift                     0x00004799   Thumb Code   190  anbt_dmp_mpu6050.o(.text)
    accel_self_test                          0x000048ef   Thumb Code   274  anbt_dmp_mpu6050.o(.text)
    gyro_self_test                           0x00004a01   Thumb Code   318  anbt_dmp_mpu6050.o(.text)
    run_self_test                            0x00004c55   Thumb Code   150  anbt_dmp_mpu6050.o(.text)
    inv_row_2_scale                          0x00004f5f   Thumb Code    78  anbt_dmp_mpu6050.o(.text)
    inv_orientation_matrix_to_scalar         0x00004fad   Thumb Code    40  anbt_dmp_mpu6050.o(.text)
    .text                                    0x00005228   Section        0  anbt_i2c.o(.text)
    .text                                    0x000058e0   Section        0  my6050data.o(.text)
    .text                                    0x00005b94   Section        0  control.o(.text)
    .text                                    0x00005f94   Section        0  pid.o(.text)
    .text                                    0x00006184   Section        0  lcddriver.o(.text)
    .text                                    0x00006918   Section        0  flyaction.o(.text)
    .text                                    0x00006cd4   Section        0  fliter.o(.text)
    .text                                    0x00007288   Section        0  ultrasonic.o(.text)
    .text                                    0x00007424   Section        0  camearfindway.o(.text)
    .text                                    0x00007628   Section        0  unlock.o(.text)
    .text                                    0x000076ec   Section        0  ldiv.o(.text)
    .text                                    0x00007746   Section        0  memseta.o(.text)
    .text                                    0x0000776a   Section        0  strlen.o(.text)
    .text                                    0x00007778   Section        0  memcmp.o(.text)
    .text                                    0x00007792   Section        0  dadd.o(.text)
    .text                                    0x000078e0   Section        0  dmul.o(.text)
    .text                                    0x000079c4   Section        0  ddiv.o(.text)
    .text                                    0x00007aa2   Section        0  f2d.o(.text)
    .text                                    0x00007ac8   Section       40  cdrcmple.o(.text)
    .text                                    0x00007af0   Section        0  d2f.o(.text)
    .text                                    0x00007b28   Section        0  uldiv.o(.text)
    .text                                    0x00007b8a   Section        0  llshl.o(.text)
    .text                                    0x00007ba8   Section        0  llsshr.o(.text)
    .text                                    0x00007bcc   Section        0  iusefp.o(.text)
    .text                                    0x00007bcc   Section        0  fepilogue.o(.text)
    .text                                    0x00007c38   Section        0  depilogue.o(.text)
    .text                                    0x00007cf8   Section       36  init.o(.text)
    .text                                    0x00007d1c   Section        0  llushr.o(.text)
    .text                                    0x00007d3c   Section        0  dsqrt.o(.text)
    .text                                    0x00007dde   Section        0  __dczerorl2.o(.text)
    i.__ARM_fpclassify                       0x00007e3a   Section        0  fpclassify.o(i.__ARM_fpclassify)
    i.__hardfp_asin                          0x00007e70   Section        0  asin.o(i.__hardfp_asin)
    i.__hardfp_atan                          0x000081e0   Section        0  atan.o(i.__hardfp_atan)
    i.__hardfp_atan2                         0x000084c8   Section        0  atan2.o(i.__hardfp_atan2)
    i.__hardfp_fabs                          0x000086a8   Section        0  fabs.o(i.__hardfp_fabs)
    i.__kernel_poly                          0x000086bc   Section        0  poly.o(i.__kernel_poly)
    i.__mathlib_dbl_underflow                0x000087b8   Section        0  dunder.o(i.__mathlib_dbl_underflow)
    i.__scatterload_copy                     0x000087d8   Section       14  handlers.o(i.__scatterload_copy)
    i.__scatterload_null                     0x000087e6   Section        2  handlers.o(i.__scatterload_null)
    i.__scatterload_zeroinit                 0x000087e8   Section       14  handlers.o(i.__scatterload_zeroinit)
    i.__set_errno                            0x000087f8   Section        0  errno.o(i.__set_errno)
    i.atan                                   0x00008804   Section        0  atan.o(i.atan)
    i.fabs                                   0x00008814   Section        0  fabs.o(i.fabs)
    i.sqrt                                   0x00008834   Section        0  sqrt.o(i.sqrt)
    .constdata                               0x000088a4   Section      108  sysctl.o(.constdata)
    g_pui32Xtals                             0x000088a4   Data         108  sysctl.o(.constdata)
    .constdata                               0x00008910   Section       32  ssi.o(.constdata)
    g_ppui32SSIIntMap                        0x00008910   Data          32  ssi.o(.constdata)
    .constdata                               0x00008930   Section      312  gpio.o(.constdata)
    g_ppui32GPIOIntMapBlizzard               0x00008930   Data         192  gpio.o(.constdata)
    g_pui32GPIOBaseAddrs                     0x000089f0   Data         120  gpio.o(.constdata)
    .constdata                               0x00008a68   Section      268  interrupt.o(.constdata)
    g_pui32Priority                          0x00008a68   Data          32  interrupt.o(.constdata)
    g_pui32Regs                              0x00008a88   Data         156  interrupt.o(.constdata)
    g_pui32EnRegs                            0x00008b24   Data          20  interrupt.o(.constdata)
    g_pui32Dii16Regs                         0x00008b38   Data          20  interrupt.o(.constdata)
    g_pui32PendRegs                          0x00008b4c   Data          20  interrupt.o(.constdata)
    g_pui32UnpendRegs                        0x00008b60   Data          20  interrupt.o(.constdata)
    .constdata                               0x00008b74   Section       96  timer.o(.constdata)
    g_ppui32TimerIntMap                      0x00008b74   Data          96  timer.o(.constdata)
    .constdata                               0x00008bd4   Section     3062  anbt_dmp_driver.o(.constdata)
    dmp_memory                               0x00008bd4   Data        3062  anbt_dmp_driver.o(.constdata)
    .constdata                               0x000097cc   Section       80  anbt_dmp_mpu6050.o(.constdata)
    .constdata                               0x0000981c   Section     2632  lcddriver.o(.constdata)
    .constdata                               0x0000a268   Section       80  asin.o(.constdata)
    pS                                       0x0000a268   Data          48  asin.o(.constdata)
    qS                                       0x0000a298   Data          32  asin.o(.constdata)
    .constdata                               0x0000a2b8   Section      152  atan.o(.constdata)
    atanhi                                   0x0000a2b8   Data          32  atan.o(.constdata)
    atanlo                                   0x0000a2d8   Data          32  atan.o(.constdata)
    aTodd                                    0x0000a2f8   Data          40  atan.o(.constdata)
    aTeven                                   0x0000a320   Data          48  atan.o(.constdata)
    .constdata                               0x0000a350   Section        8  qnan.o(.constdata)
    .data                                    0x20000000   Section        3  adc.o(.data)
    g_pui8OversampleFactor                   0x20000000   Data           3  adc.o(.data)
    .data                                    0x20000003   Section        6  prepare.o(.data)
    .data                                    0x2000000c   Section       76  main.o(.data)
    .data                                    0x20000058   Section       76  anbt_dmp_mpu6050.o(.data)
    gyro_orientation                         0x20000058   Data           9  anbt_dmp_mpu6050.o(.data)
    st                                       0x20000064   Data          44  anbt_dmp_mpu6050.o(.data)
    .data                                    0x200000a4   Section       10  my6050data.o(.data)
    gyro_orientation                         0x200000a4   Data           9  my6050data.o(.data)
    .data                                    0x200000b0   Section       88  control.o(.data)
    .data                                    0x20000108   Section        4  pid.o(.data)
    result                                   0x20000108   Data           4  pid.o(.data)
    .data                                    0x2000010c   Section       47  fliter.o(.data)
    j                                        0x20000139   Data           1  fliter.o(.data)
    j                                        0x2000013a   Data           1  fliter.o(.data)
    .data                                    0x2000013c   Section        5  ultrasonic.o(.data)
    read_flag                                0x20000140   Data           1  ultrasonic.o(.data)
    .data                                    0x20000141   Section        1  camearfindway.o(.data)
    .data                                    0x20000144   Section        4  errno.o(.data)
    _errno                                   0x20000144   Data           4  errno.o(.data)
    vtable                                   0x20000400   Section      620  interrupt.o(vtable)
    g_pfnRAMVectors                          0x20000400   Data         620  interrupt.o(vtable)
    .bss                                     0x2000066c   Section       16  anbt_dmp_driver.o(.bss)
    dmp                                      0x2000066c   Data          16  anbt_dmp_driver.o(.bss)
    .bss                                     0x2000067c   Section       16  anbt_dmp_mpu6050.o(.bss)
    .bss                                     0x2000068c   Section      364  pid.o(.bss)
    .bss                                     0x200007f8   Section      180  fliter.o(.bss)
    STACK                                    0x200008b0   Section      512  startup_tm4c123.o(STACK)

    Global Symbols

    Symbol Name                              Value     Ov Type        Size  Object(Section)

    BuildAttributes$$THM_ISAv4$E$P$D$K$B$S$7EM$VFPi3$EXTD16$VFPS$VFMA$PE$A:L22UL41UL21$X:L11$S22US41US21$IEEE1$IW$USESV6$~STKCKD$USESV7$~SHL$OTIME$ROPI$IEEEX$EBA8$MICROLIB$REQ8$PRES8$EABIv2 0x00000000   Number         0  anon$$obj.o ABSOLUTE
    __ARM_use_no_argv                        0x00000000   Number         0  main.o ABSOLUTE
    __Vectors                                0x00000000   Data           4  startup_tm4c123.o(RESET)
    __cpp_initialize__aeabi_                  - Undefined Weak Reference
    __cxa_finalize                            - Undefined Weak Reference
    _clock_init                               - Undefined Weak Reference
    _microlib_exit                            - Undefined Weak Reference
    __Vectors_End                            0x0000026c   Data           0  startup_tm4c123.o(RESET)
    __Vectors_Size                           0x0000026c   Number         0  startup_tm4c123.o ABSOLUTE
    __main                                   0x0000026d   Thumb Code     0  entry.o(.ARM.Collect$$$$00000000)
    _main_stk                                0x0000026d   Thumb Code     0  entry2.o(.ARM.Collect$$$$00000001)
    _main_scatterload                        0x00000271   Thumb Code     0  entry5.o(.ARM.Collect$$$$00000004)
    __main_after_scatterload                 0x00000275   Thumb Code     0  entry5.o(.ARM.Collect$$$$00000004)
    _main_clock                              0x00000275   Thumb Code     0  entry7b.o(.ARM.Collect$$$$00000008)
    _main_cpp_init                           0x00000275   Thumb Code     0  entry8b.o(.ARM.Collect$$$$0000000A)
    _main_init                               0x00000275   Thumb Code     0  entry9a.o(.ARM.Collect$$$$0000000B)
    __rt_final_cpp                           0x0000027d   Thumb Code     0  entry10a.o(.ARM.Collect$$$$0000000D)
    __rt_final_exit                          0x0000027d   Thumb Code     0  entry11a.o(.ARM.Collect$$$$0000000F)
    SysCtlDelay                              0x00000281   Thumb Code     6  sysctl.o(.emb_text)
    CPUcpsid                                 0x00000289   Thumb Code     8  cpu.o(.emb_text)
    CPUprimask                               0x00000291   Thumb Code     6  cpu.o(.emb_text)
    CPUcpsie                                 0x00000297   Thumb Code     8  cpu.o(.emb_text)
    CPUwfi                                   0x0000029f   Thumb Code     4  cpu.o(.emb_text)
    CPUbasepriSet                            0x000002a3   Thumb Code     6  cpu.o(.emb_text)
    CPUbasepriGet                            0x000002a9   Thumb Code     6  cpu.o(.emb_text)
    Reset_Handler                            0x000002b1   Thumb Code     8  startup_tm4c123.o(.text)
    NMI_Handler                              0x000002b9   Thumb Code     2  startup_tm4c123.o(.text)
    HardFault_Handler                        0x000002bb   Thumb Code     2  startup_tm4c123.o(.text)
    MemManage_Handler                        0x000002bd   Thumb Code     2  startup_tm4c123.o(.text)
    BusFault_Handler                         0x000002bf   Thumb Code     2  startup_tm4c123.o(.text)
    UsageFault_Handler                       0x000002c1   Thumb Code     2  startup_tm4c123.o(.text)
    SVC_Handler                              0x000002c3   Thumb Code     2  startup_tm4c123.o(.text)
    DebugMon_Handler                         0x000002c5   Thumb Code     2  startup_tm4c123.o(.text)
    PendSV_Handler                           0x000002c7   Thumb Code     2  startup_tm4c123.o(.text)
    SysTick_Handler                          0x000002c9   Thumb Code     2  startup_tm4c123.o(.text)
    GPIOA_Handler                            0x000002cb   Thumb Code     2  startup_tm4c123.o(.text)
    GPIOB_Handler                            0x000002cd   Thumb Code     2  startup_tm4c123.o(.text)
    GPIOC_Handler                            0x000002cf   Thumb Code     2  startup_tm4c123.o(.text)
    GPIOD_Handler                            0x000002d1   Thumb Code     2  startup_tm4c123.o(.text)
    GPIOE_Handler                            0x000002d3   Thumb Code     2  startup_tm4c123.o(.text)
    UART0_Handler                            0x000002d5   Thumb Code     2  startup_tm4c123.o(.text)
    UART1_Handler                            0x000002d7   Thumb Code     2  startup_tm4c123.o(.text)
    SSI0_Handler                             0x000002d9   Thumb Code     2  startup_tm4c123.o(.text)
    I2C0_Handler                             0x000002db   Thumb Code     2  startup_tm4c123.o(.text)
    PMW0_FAULT_Handler                       0x000002dd   Thumb Code     2  startup_tm4c123.o(.text)
    PWM0_0_Handler                           0x000002df   Thumb Code     2  startup_tm4c123.o(.text)
    PWM0_1_Handler                           0x000002e1   Thumb Code     2  startup_tm4c123.o(.text)
    PWM0_2_Handler                           0x000002e3   Thumb Code     2  startup_tm4c123.o(.text)
    QEI0_Handler                             0x000002e5   Thumb Code     2  startup_tm4c123.o(.text)
    ADC0SS0_Handler                          0x000002e7   Thumb Code     2  startup_tm4c123.o(.text)
    ADC0SS1_Handler                          0x000002e9   Thumb Code     2  startup_tm4c123.o(.text)
    ADC0SS2_Handler                          0x000002eb   Thumb Code     2  startup_tm4c123.o(.text)
    ADC0SS3_Handler                          0x000002ed   Thumb Code     2  startup_tm4c123.o(.text)
    WDT0_Handler                             0x000002ef   Thumb Code     2  startup_tm4c123.o(.text)
    TIMER0A_Handler                          0x000002f1   Thumb Code     2  startup_tm4c123.o(.text)
    TIMER0B_Handler                          0x000002f3   Thumb Code     2  startup_tm4c123.o(.text)
    TIMER1A_Handler                          0x000002f5   Thumb Code     2  startup_tm4c123.o(.text)
    TIMER1B_Handler                          0x000002f7   Thumb Code     2  startup_tm4c123.o(.text)
    TIMER2A_Handler                          0x000002f9   Thumb Code     2  startup_tm4c123.o(.text)
    TIMER2B_Handler                          0x000002fb   Thumb Code     2  startup_tm4c123.o(.text)
    COMP0_Handler                            0x000002fd   Thumb Code     2  startup_tm4c123.o(.text)
    COMP1_Handler                            0x000002ff   Thumb Code     2  startup_tm4c123.o(.text)
    COMP2_Handler                            0x00000301   Thumb Code     2  startup_tm4c123.o(.text)
    SYSCTL_Handler                           0x00000303   Thumb Code     2  startup_tm4c123.o(.text)
    FLASH_Handler                            0x00000305   Thumb Code     2  startup_tm4c123.o(.text)
    GPIOF_Handler                            0x00000307   Thumb Code     2  startup_tm4c123.o(.text)
    GPIOG_Handler                            0x00000309   Thumb Code     2  startup_tm4c123.o(.text)
    GPIOH_Handler                            0x0000030b   Thumb Code     2  startup_tm4c123.o(.text)
    UART2_Handler                            0x0000030d   Thumb Code     2  startup_tm4c123.o(.text)
    SSI1_Handler                             0x0000030f   Thumb Code     2  startup_tm4c123.o(.text)
    TIMER3A_Handler                          0x00000311   Thumb Code     2  startup_tm4c123.o(.text)
    TIMER3B_Handler                          0x00000313   Thumb Code     2  startup_tm4c123.o(.text)
    I2C1_Handler                             0x00000315   Thumb Code     2  startup_tm4c123.o(.text)
    QEI1_Handler                             0x00000317   Thumb Code     2  startup_tm4c123.o(.text)
    CAN0_Handler                             0x00000319   Thumb Code     2  startup_tm4c123.o(.text)
    CAN1_Handler                             0x0000031b   Thumb Code     2  startup_tm4c123.o(.text)
    CAN2_Handler                             0x0000031d   Thumb Code     2  startup_tm4c123.o(.text)
    HIB_Handler                              0x0000031f   Thumb Code     2  startup_tm4c123.o(.text)
    USB0_Handler                             0x00000321   Thumb Code     2  startup_tm4c123.o(.text)
    PWM0_3_Handler                           0x00000323   Thumb Code     2  startup_tm4c123.o(.text)
    UDMA_Handler                             0x00000325   Thumb Code     2  startup_tm4c123.o(.text)
    UDMAERR_Handler                          0x00000327   Thumb Code     2  startup_tm4c123.o(.text)
    ADC1SS0_Handler                          0x00000329   Thumb Code     2  startup_tm4c123.o(.text)
    ADC1SS1_Handler                          0x0000032b   Thumb Code     2  startup_tm4c123.o(.text)
    ADC1SS2_Handler                          0x0000032d   Thumb Code     2  startup_tm4c123.o(.text)
    ADC1SS3_Handler                          0x0000032f   Thumb Code     2  startup_tm4c123.o(.text)
    GPIOJ_Handler                            0x00000331   Thumb Code     2  startup_tm4c123.o(.text)
    GPIOK_Handler                            0x00000333   Thumb Code     2  startup_tm4c123.o(.text)
    GPIOL_Handler                            0x00000335   Thumb Code     2  startup_tm4c123.o(.text)
    SSI2_Handler                             0x00000337   Thumb Code     2  startup_tm4c123.o(.text)
    SSI3_Handler                             0x00000339   Thumb Code     2  startup_tm4c123.o(.text)
    UART3_Handler                            0x0000033b   Thumb Code     2  startup_tm4c123.o(.text)
    UART4_Handler                            0x0000033d   Thumb Code     2  startup_tm4c123.o(.text)
    UART5_Handler                            0x0000033f   Thumb Code     2  startup_tm4c123.o(.text)
    UART6_Handler                            0x00000341   Thumb Code     2  startup_tm4c123.o(.text)
    UART7_Handler                            0x00000343   Thumb Code     2  startup_tm4c123.o(.text)
    I2C2_Handler                             0x00000345   Thumb Code     2  startup_tm4c123.o(.text)
    I2C3_Handler                             0x00000347   Thumb Code     2  startup_tm4c123.o(.text)
    TIMER4A_Handler                          0x00000349   Thumb Code     2  startup_tm4c123.o(.text)
    TIMER4B_Handler                          0x0000034b   Thumb Code     2  startup_tm4c123.o(.text)
    TIMER5A_Handler                          0x0000034d   Thumb Code     2  startup_tm4c123.o(.text)
    TIMER5B_Handler                          0x0000034f   Thumb Code     2  startup_tm4c123.o(.text)
    WTIMER0A_Handler                         0x00000351   Thumb Code     2  startup_tm4c123.o(.text)
    WTIMER0B_Handler                         0x00000353   Thumb Code     2  startup_tm4c123.o(.text)
    WTIMER1A_Handler                         0x00000355   Thumb Code     2  startup_tm4c123.o(.text)
    WTIMER1B_Handler                         0x00000357   Thumb Code     2  startup_tm4c123.o(.text)
    WTIMER2A_Handler                         0x00000359   Thumb Code     2  startup_tm4c123.o(.text)
    WTIMER2B_Handler                         0x0000035b   Thumb Code     2  startup_tm4c123.o(.text)
    WTIMER3A_Handler                         0x0000035d   Thumb Code     2  startup_tm4c123.o(.text)
    WTIMER3B_Handler                         0x0000035f   Thumb Code     2  startup_tm4c123.o(.text)
    WTIMER4A_Handler                         0x00000361   Thumb Code     2  startup_tm4c123.o(.text)
    WTIMER4B_Handler                         0x00000363   Thumb Code     2  startup_tm4c123.o(.text)
    WTIMER5A_Handler                         0x00000365   Thumb Code     2  startup_tm4c123.o(.text)
    WTIMER5B_Handler                         0x00000367   Thumb Code     2  startup_tm4c123.o(.text)
    FPU_Handler                              0x00000369   Thumb Code     2  startup_tm4c123.o(.text)
    I2C4_Handler                             0x0000036b   Thumb Code     2  startup_tm4c123.o(.text)
    I2C5_Handler                             0x0000036d   Thumb Code     2  startup_tm4c123.o(.text)
    GPIOM_Handler                            0x0000036f   Thumb Code     2  startup_tm4c123.o(.text)
    GPION_Handler                            0x00000371   Thumb Code     2  startup_tm4c123.o(.text)
    QEI2_Handler                             0x00000373   Thumb Code     2  startup_tm4c123.o(.text)
    GPIOP0_Handler                           0x00000375   Thumb Code     2  startup_tm4c123.o(.text)
    GPIOP1_Handler                           0x00000377   Thumb Code     2  startup_tm4c123.o(.text)
    GPIOP2_Handler                           0x00000379   Thumb Code     2  startup_tm4c123.o(.text)
    GPIOP3_Handler                           0x0000037b   Thumb Code     2  startup_tm4c123.o(.text)
    GPIOP4_Handler                           0x0000037d   Thumb Code     2  startup_tm4c123.o(.text)
    GPIOP5_Handler                           0x0000037f   Thumb Code     2  startup_tm4c123.o(.text)
    GPIOP6_Handler                           0x00000381   Thumb Code     2  startup_tm4c123.o(.text)
    GPIOP7_Handler                           0x00000383   Thumb Code     2  startup_tm4c123.o(.text)
    GPIOQ0_Handler                           0x00000385   Thumb Code     2  startup_tm4c123.o(.text)
    GPIOQ1_Handler                           0x00000387   Thumb Code     2  startup_tm4c123.o(.text)
    GPIOQ2_Handler                           0x00000389   Thumb Code     2  startup_tm4c123.o(.text)
    GPIOQ3_Handler                           0x0000038b   Thumb Code     2  startup_tm4c123.o(.text)
    GPIOQ4_Handler                           0x0000038d   Thumb Code     2  startup_tm4c123.o(.text)
    GPIOQ5_Handler                           0x0000038f   Thumb Code     2  startup_tm4c123.o(.text)
    GPIOQ6_Handler                           0x00000391   Thumb Code     2  startup_tm4c123.o(.text)
    GPIOQ7_Handler                           0x00000393   Thumb Code     2  startup_tm4c123.o(.text)
    GPIOR_Handler                            0x00000395   Thumb Code     2  startup_tm4c123.o(.text)
    GPIOS_Handler                            0x00000397   Thumb Code     2  startup_tm4c123.o(.text)
    PMW1_0_Handler                           0x00000399   Thumb Code     2  startup_tm4c123.o(.text)
    PWM1_1_Handler                           0x0000039b   Thumb Code     2  startup_tm4c123.o(.text)
    PWM1_2_Handler                           0x0000039d   Thumb Code     2  startup_tm4c123.o(.text)
    PWM1_3_Handler                           0x0000039f   Thumb Code     2  startup_tm4c123.o(.text)
    PWM1_FAULT_Handler                       0x000003a1   Thumb Code     2  startup_tm4c123.o(.text)
    SystemInit                               0x000003ad   Thumb Code    24  system_ti.o(.text)
    systime_handler                          0x000003c5   Thumb Code    66  system_ti.o(.text)
    systime_init                             0x00000407   Thumb Code   114  system_ti.o(.text)
    systime_enable                           0x00000479   Thumb Code    32  system_ti.o(.text)
    delay_ms                                 0x00000499   Thumb Code    32  system_ti.o(.text)
    delay_us                                 0x000004b9   Thumb Code    30  system_ti.o(.text)
    delay_s                                  0x000004d7   Thumb Code    30  system_ti.o(.text)
    FPUEnable                                0x00000519   Thumb Code    14  fpu.o(.text)
    FPUDisable                               0x00000527   Thumb Code    14  fpu.o(.text)
    FPUStackingEnable                        0x00000535   Thumb Code    18  fpu.o(.text)
    FPULazyStackingEnable                    0x00000547   Thumb Code    14  fpu.o(.text)
    FPUStackingDisable                       0x00000555   Thumb Code    14  fpu.o(.text)
    FPUHalfPrecisionModeSet                  0x00000563   Thumb Code    20  fpu.o(.text)
    FPUNaNModeSet                            0x00000577   Thumb Code    20  fpu.o(.text)
    FPUFlushToZeroModeSet                    0x0000058b   Thumb Code    20  fpu.o(.text)
    FPURoundingModeSet                       0x0000059f   Thumb Code    20  fpu.o(.text)
    SysCtlSRAMSizeGet                        0x000005bd   Thumb Code    10  sysctl.o(.text)
    SysCtlFlashSizeGet                       0x000005c7   Thumb Code    16  sysctl.o(.text)
    SysCtlPeripheralPresent                  0x000005d7   Thumb Code    52  sysctl.o(.text)
    SysCtlPeripheralReady                    0x0000060b   Thumb Code    52  sysctl.o(.text)
    SysCtlPeripheralPowerOn                  0x0000063f   Thumb Code    46  sysctl.o(.text)
    SysCtlPeripheralPowerOff                 0x0000066d   Thumb Code    46  sysctl.o(.text)
    SysCtlPeripheralReset                    0x0000069b   Thumb Code   106  sysctl.o(.text)
    SysCtlPeripheralEnable                   0x00000705   Thumb Code    46  sysctl.o(.text)
    SysCtlPeripheralDisable                  0x00000733   Thumb Code    46  sysctl.o(.text)
    SysCtlPeripheralSleepEnable              0x00000761   Thumb Code    46  sysctl.o(.text)
    SysCtlPeripheralSleepDisable             0x0000078f   Thumb Code    46  sysctl.o(.text)
    SysCtlPeripheralDeepSleepEnable          0x000007bd   Thumb Code    46  sysctl.o(.text)
    SysCtlPeripheralDeepSleepDisable         0x000007eb   Thumb Code    46  sysctl.o(.text)
    SysCtlPeripheralClockGating              0x00000819   Thumb Code    38  sysctl.o(.text)
    SysCtlIntRegister                        0x0000083f   Thumb Code    20  sysctl.o(.text)
    SysCtlIntUnregister                      0x00000853   Thumb Code    16  sysctl.o(.text)
    SysCtlIntEnable                          0x00000863   Thumb Code    16  sysctl.o(.text)
    SysCtlIntDisable                         0x00000873   Thumb Code    16  sysctl.o(.text)
    SysCtlIntClear                           0x00000883   Thumb Code     8  sysctl.o(.text)
    SysCtlIntStatus                          0x0000088b   Thumb Code    20  sysctl.o(.text)
    SysCtlReset                              0x0000089f   Thumb Code    10  sysctl.o(.text)
    SysCtlSleep                              0x000008a9   Thumb Code     8  sysctl.o(.text)
    SysCtlDeepSleep                          0x000008b1   Thumb Code    40  sysctl.o(.text)
    SysCtlResetCauseGet                      0x000008d9   Thumb Code     8  sysctl.o(.text)
    SysCtlResetCauseClear                    0x000008e1   Thumb Code    16  sysctl.o(.text)
    SysCtlMOSCConfigSet                      0x000008f1   Thumb Code     8  sysctl.o(.text)
    SysCtlPIOSCCalibrate                     0x000008f9   Thumb Code    72  sysctl.o(.text)
    SysCtlClockSet                           0x00000941   Thumb Code   360  sysctl.o(.text)
    SysCtlClockGet                           0x00000aa9   Thumb Code   254  sysctl.o(.text)
    SysCtlDeepSleepClockSet                  0x00000ba7   Thumb Code     6  sysctl.o(.text)
    SysCtlPWMClockSet                        0x00000bad   Thumb Code    16  sysctl.o(.text)
    SysCtlPWMClockGet                        0x00000bbd   Thumb Code    24  sysctl.o(.text)
    SysCtlADCSpeedSet                        0x00000bd5   Thumb Code    36  sysctl.o(.text)
    SysCtlADCSpeedGet                        0x00000bf9   Thumb Code    10  sysctl.o(.text)
    SysCtlGPIOAHBEnable                      0x00000c03   Thumb Code    20  sysctl.o(.text)
    SysCtlGPIOAHBDisable                     0x00000c17   Thumb Code    20  sysctl.o(.text)
    SysCtlUSBPLLEnable                       0x00000c2b   Thumb Code    14  sysctl.o(.text)
    SysCtlUSBPLLDisable                      0x00000c39   Thumb Code    14  sysctl.o(.text)
    SSIConfigSetExpClk                       0x00000c9b   Thumb Code   102  ssi.o(.text)
    SSIEnable                                0x00000d01   Thumb Code    10  ssi.o(.text)
    SSIDisable                               0x00000d0b   Thumb Code    10  ssi.o(.text)
    SSIIntRegister                           0x00000d15   Thumb Code    30  ssi.o(.text)
    SSIIntUnregister                         0x00000d33   Thumb Code    26  ssi.o(.text)
    SSIIntEnable                             0x00000d4d   Thumb Code     8  ssi.o(.text)
    SSIIntDisable                            0x00000d55   Thumb Code     8  ssi.o(.text)
    SSIIntStatus                             0x00000d5d   Thumb Code    12  ssi.o(.text)
    SSIIntClear                              0x00000d69   Thumb Code     4  ssi.o(.text)
    SSIDataPut                               0x00000d6d   Thumb Code    14  ssi.o(.text)
    SSIDataPutNonBlocking                    0x00000d7b   Thumb Code    20  ssi.o(.text)
    SSIDataGet                               0x00000d8f   Thumb Code    16  ssi.o(.text)
    SSIDataGetNonBlocking                    0x00000d9f   Thumb Code    22  ssi.o(.text)
    SSIDMAEnable                             0x00000db5   Thumb Code     8  ssi.o(.text)
    SSIDMADisable                            0x00000dbd   Thumb Code     8  ssi.o(.text)
    SSIBusy                                  0x00000dc5   Thumb Code    10  ssi.o(.text)
    SSIClockSourceSet                        0x00000dcf   Thumb Code     8  ssi.o(.text)
    SSIClockSourceGet                        0x00000dd7   Thumb Code    10  ssi.o(.text)
    ADCIntRegister                           0x00000e0f   Thumb Code    46  adc.o(.text)
    ADCIntUnregister                         0x00000e3d   Thumb Code    30  adc.o(.text)
    ADCIntDisable                            0x00000e5b   Thumb Code    12  adc.o(.text)
    ADCIntEnable                             0x00000e67   Thumb Code    18  adc.o(.text)
    ADCIntStatus                             0x00000e79   Thumb Code    54  adc.o(.text)
    ADCIntClear                              0x00000eaf   Thumb Code     8  adc.o(.text)
    ADCSequenceEnable                        0x00000eb7   Thumb Code    12  adc.o(.text)
    ADCSequenceDisable                       0x00000ec3   Thumb Code    12  adc.o(.text)
    ADCSequenceConfigure                     0x00000ecf   Thumb Code    44  adc.o(.text)
    ADCSequenceStepConfigure                 0x00000efb   Thumb Code   118  adc.o(.text)
    ADCSequenceOverflow                      0x00000f71   Thumb Code    12  adc.o(.text)
    ADCSequenceOverflowClear                 0x00000f7d   Thumb Code     8  adc.o(.text)
    ADCSequenceUnderflow                     0x00000f85   Thumb Code    12  adc.o(.text)
    ADCSequenceUnderflowClear                0x00000f91   Thumb Code     8  adc.o(.text)
    ADCSequenceDataGet                       0x00000f99   Thumb Code    34  adc.o(.text)
    ADCProcessorTrigger                      0x00000fbb   Thumb Code    24  adc.o(.text)
    ADCSoftwareOversampleConfigure           0x00000fd3   Thumb Code    24  adc.o(.text)
    ADCSoftwareOversampleStepConfigure       0x00000feb   Thumb Code   110  adc.o(.text)
    ADCSoftwareOversampleDataGet             0x00001059   Thumb Code    54  adc.o(.text)
    ADCHardwareOversampleConfigure           0x0000108f   Thumb Code    18  adc.o(.text)
    ADCComparatorConfigure                   0x000010a1   Thumb Code    10  adc.o(.text)
    ADCComparatorRegionSet                   0x000010ab   Thumb Code    16  adc.o(.text)
    ADCComparatorReset                       0x000010bb   Thumb Code    36  adc.o(.text)
    ADCComparatorIntDisable                  0x000010df   Thumb Code    14  adc.o(.text)
    ADCComparatorIntEnable                   0x000010ed   Thumb Code    14  adc.o(.text)
    ADCComparatorIntStatus                   0x000010fb   Thumb Code     6  adc.o(.text)
    ADCComparatorIntClear                    0x00001101   Thumb Code     4  adc.o(.text)
    ADCReferenceSet                          0x00001105   Thumb Code    12  adc.o(.text)
    ADCReferenceGet                          0x00001111   Thumb Code    10  adc.o(.text)
    ADCPhaseDelaySet                         0x0000111b   Thumb Code     4  adc.o(.text)
    ADCPhaseDelayGet                         0x0000111f   Thumb Code     6  adc.o(.text)
    GPIODirModeSet                           0x0000115f   Thumb Code    64  gpio.o(.text)
    GPIODirModeGet                           0x0000119f   Thumb Code    46  gpio.o(.text)
    GPIOIntTypeSet                           0x000011cd   Thumb Code   126  gpio.o(.text)
    GPIOIntTypeGet                           0x0000124b   Thumb Code    84  gpio.o(.text)
    GPIOPadConfigSet                         0x0000129f   Thumb Code   262  gpio.o(.text)
    GPIOPadConfigGet                         0x000013a5   Thumb Code   162  gpio.o(.text)
    GPIOIntEnable                            0x00001447   Thumb Code    16  gpio.o(.text)
    GPIOIntDisable                           0x00001457   Thumb Code    16  gpio.o(.text)
    GPIOIntStatus                            0x00001467   Thumb Code    20  gpio.o(.text)
    GPIOIntClear                             0x0000147b   Thumb Code     8  gpio.o(.text)
    GPIOIntRegister                          0x00001483   Thumb Code    30  gpio.o(.text)
    GPIOIntUnregister                        0x000014a1   Thumb Code    26  gpio.o(.text)
    GPIOPinRead                              0x000014bb   Thumb Code    12  gpio.o(.text)
    GPIOPinWrite                             0x000014c7   Thumb Code    10  gpio.o(.text)
    GPIOPinTypeADC                           0x000014d1   Thumb Code    30  gpio.o(.text)
    GPIOPinTypeCAN                           0x000014ef   Thumb Code    30  gpio.o(.text)
    GPIOPinTypeComparator                    0x0000150d   Thumb Code    36  gpio.o(.text)
    GPIOPinTypeEPI                           0x00001531   Thumb Code    30  gpio.o(.text)
    GPIOPinTypeEthernetLED                   0x0000154f   Thumb Code    30  gpio.o(.text)
    GPIOPinTypeEthernetMII                   0x0000156d   Thumb Code    30  gpio.o(.text)
    GPIOPinTypeFan                           0x0000158b   Thumb Code    30  gpio.o(.text)
    GPIOPinTypeGPIOInput                     0x000015a9   Thumb Code    30  gpio.o(.text)
    GPIOPinTypeGPIOOutput                    0x000015c7   Thumb Code    30  gpio.o(.text)
    GPIOPinTypeGPIOOutputOD                  0x000015e5   Thumb Code    30  gpio.o(.text)
    GPIOPinTypeI2C                           0x00001603   Thumb Code    30  gpio.o(.text)
    GPIOPinTypeI2CSCL                        0x00001621   Thumb Code    30  gpio.o(.text)
    GPIOPinTypeLPC                           0x0000163f   Thumb Code    30  gpio.o(.text)
    GPIOPinTypePECIRx                        0x0000165d   Thumb Code    30  gpio.o(.text)
    GPIOPinTypePECITx                        0x0000167b   Thumb Code    30  gpio.o(.text)
    GPIOPinTypePWM                           0x00001699   Thumb Code    30  gpio.o(.text)
    GPIOPinTypeQEI                           0x000016b7   Thumb Code    30  gpio.o(.text)
    GPIOPinTypeSSI                           0x000016d5   Thumb Code    30  gpio.o(.text)
    GPIOPinTypeTimer                         0x000016f3   Thumb Code    30  gpio.o(.text)
    GPIOPinTypeUART                          0x00001711   Thumb Code    30  gpio.o(.text)
    GPIOPinTypeUSBAnalog                     0x0000172f   Thumb Code    30  gpio.o(.text)
    GPIOPinTypeUSBDigital                    0x0000174d   Thumb Code    30  gpio.o(.text)
    GPIOPinConfigure                         0x0000176b   Thumb Code    74  gpio.o(.text)
    GPIODMATriggerEnable                     0x000017b5   Thumb Code    16  gpio.o(.text)
    GPIODMATriggerDisable                    0x000017c5   Thumb Code    16  gpio.o(.text)
    GPIOADCTriggerEnable                     0x000017d5   Thumb Code    16  gpio.o(.text)
    GPIOADCTriggerDisable                    0x000017e5   Thumb Code    16  gpio.o(.text)
    IntMasterEnable                          0x00001801   Thumb Code    16  interrupt.o(.text)
    IntMasterDisable                         0x00001811   Thumb Code    16  interrupt.o(.text)
    IntRegister                              0x00001821   Thumb Code    52  interrupt.o(.text)
    IntUnregister                            0x00001855   Thumb Code    10  interrupt.o(.text)
    IntPriorityGroupingSet                   0x0000185f   Thumb Code    18  interrupt.o(.text)
    IntPriorityGroupingGet                   0x00001871   Thumb Code    36  interrupt.o(.text)
    IntPrioritySet                           0x00001895   Thumb Code    46  interrupt.o(.text)
    IntPriorityGet                           0x000018c3   Thumb Code    22  interrupt.o(.text)
    IntEnable                                0x000018d9   Thumb Code   120  interrupt.o(.text)
    IntDisable                               0x00001951   Thumb Code   120  interrupt.o(.text)
    IntIsEnabled                             0x000019c9   Thumb Code   106  interrupt.o(.text)
    IntPendSet                               0x00001a33   Thumb Code    98  interrupt.o(.text)
    IntPendClear                             0x00001a95   Thumb Code    76  interrupt.o(.text)
    IntPriorityMaskSet                       0x00001ae1   Thumb Code    12  interrupt.o(.text)
    IntPriorityMaskGet                       0x00001aed   Thumb Code     8  interrupt.o(.text)
    IntTrigger                               0x00001af5   Thumb Code    10  interrupt.o(.text)
    TimerEnable                              0x00001b5f   Thumb Code    14  timer.o(.text)
    TimerDisable                             0x00001b6d   Thumb Code    14  timer.o(.text)
    TimerConfigure                           0x00001b7b   Thumb Code    34  timer.o(.text)
    TimerControlLevel                        0x00001b9d   Thumb Code    22  timer.o(.text)
    TimerControlTrigger                      0x00001bb3   Thumb Code    22  timer.o(.text)
    TimerControlEvent                        0x00001bc9   Thumb Code    22  timer.o(.text)
    TimerControlStall                        0x00001bdf   Thumb Code    22  timer.o(.text)
    TimerControlWaitOnTrigger                0x00001bf5   Thumb Code    54  timer.o(.text)
    TimerRTCEnable                           0x00001c2b   Thumb Code    10  timer.o(.text)
    TimerRTCDisable                          0x00001c35   Thumb Code    10  timer.o(.text)
    TimerPrescaleSet                         0x00001c3f   Thumb Code    18  timer.o(.text)
    TimerPrescaleGet                         0x00001c51   Thumb Code    14  timer.o(.text)
    TimerPrescaleMatchSet                    0x00001c5f   Thumb Code    18  timer.o(.text)
    TimerPrescaleMatchGet                    0x00001c71   Thumb Code    14  timer.o(.text)
    TimerLoadSet                             0x00001c7f   Thumb Code    18  timer.o(.text)
    TimerLoadGet                             0x00001c91   Thumb Code    14  timer.o(.text)
    TimerLoadSet64                           0x00001c9f   Thumb Code     6  timer.o(.text)
    TimerLoadGet64                           0x00001ca5   Thumb Code    26  timer.o(.text)
    TimerValueGet                            0x00001cbf   Thumb Code    14  timer.o(.text)
    TimerValueGet64                          0x00001ccd   Thumb Code    26  timer.o(.text)
    TimerMatchSet                            0x00001ce7   Thumb Code    18  timer.o(.text)
    TimerMatchGet                            0x00001cf9   Thumb Code    14  timer.o(.text)
    TimerMatchSet64                          0x00001d07   Thumb Code     6  timer.o(.text)
    TimerMatchGet64                          0x00001d0d   Thumb Code    26  timer.o(.text)
    TimerIntRegister                         0x00001d27   Thumb Code    38  timer.o(.text)
    TimerIntUnregister                       0x00001d4d   Thumb Code    30  timer.o(.text)
    TimerIntEnable                           0x00001d6b   Thumb Code     8  timer.o(.text)
    TimerIntDisable                          0x00001d73   Thumb Code     8  timer.o(.text)
    TimerIntStatus                           0x00001d7b   Thumb Code    12  timer.o(.text)
    TimerIntClear                            0x00001d87   Thumb Code     4  timer.o(.text)
    TimerSynchronize                         0x00001d8b   Thumb Code     4  timer.o(.text)
    PWMGenConfigure                          0x00001d95   Thumb Code    42  pwm.o(.text)
    PWMGenPeriodSet                          0x00001dbf   Thumb Code    22  pwm.o(.text)
    PWMGenPeriodGet                          0x00001dd5   Thumb Code    24  pwm.o(.text)
    PWMGenEnable                             0x00001ded   Thumb Code    10  pwm.o(.text)
    PWMGenDisable                            0x00001df7   Thumb Code    10  pwm.o(.text)
    PWMPulseWidthSet                         0x00001e01   Thumb Code    38  pwm.o(.text)
    PWMPulseWidthGet                         0x00001e27   Thumb Code    40  pwm.o(.text)
    PWMDeadBandEnable                        0x00001e4f   Thumb Code    18  pwm.o(.text)
    PWMDeadBandDisable                       0x00001e61   Thumb Code    14  pwm.o(.text)
    PWMSyncUpdate                            0x00001e6f   Thumb Code     4  pwm.o(.text)
    PWMSyncTimeBase                          0x00001e73   Thumb Code     4  pwm.o(.text)
    PWMOutputState                           0x00001e77   Thumb Code    20  pwm.o(.text)
    PWMOutputInvert                          0x00001e8b   Thumb Code    20  pwm.o(.text)
    PWMOutputFaultLevel                      0x00001e9f   Thumb Code    20  pwm.o(.text)
    PWMOutputFault                           0x00001eb3   Thumb Code    20  pwm.o(.text)
    PWMGenIntRegister                        0x00001f61   Thumb Code    38  pwm.o(.text)
    PWMGenIntUnregister                      0x00001f87   Thumb Code    30  pwm.o(.text)
    PWMFaultIntRegister                      0x00001fc7   Thumb Code    30  pwm.o(.text)
    PWMFaultIntUnregister                    0x00001fe5   Thumb Code    26  pwm.o(.text)
    PWMGenIntTrigEnable                      0x00001fff   Thumb Code    14  pwm.o(.text)
    PWMGenIntTrigDisable                     0x0000200d   Thumb Code    14  pwm.o(.text)
    PWMGenIntStatus                          0x0000201b   Thumb Code    16  pwm.o(.text)
    PWMGenIntClear                           0x0000202b   Thumb Code     6  pwm.o(.text)
    PWMIntEnable                             0x00002031   Thumb Code     8  pwm.o(.text)
    PWMIntDisable                            0x00002039   Thumb Code     8  pwm.o(.text)
    PWMFaultIntClear                         0x00002041   Thumb Code     8  pwm.o(.text)
    PWMIntStatus                             0x00002049   Thumb Code    14  pwm.o(.text)
    PWMFaultIntClearExt                      0x00002057   Thumb Code     4  pwm.o(.text)
    PWMGenFaultConfigure                     0x0000205b   Thumb Code    20  pwm.o(.text)
    PWMGenFaultTriggerSet                    0x0000206f   Thumb Code    16  pwm.o(.text)
    PWMGenFaultTriggerGet                    0x0000207f   Thumb Code    16  pwm.o(.text)
    PWMGenFaultStatus                        0x0000208f   Thumb Code    38  pwm.o(.text)
    PWMGenFaultClear                         0x000020b5   Thumb Code    36  pwm.o(.text)
    set_key                                  0x000020f5   Thumb Code   924  prepare.o(.text)
    lcd_screen_init                          0x00002491   Thumb Code    28  prepare.o(.text)
    get_desire_value                         0x000024ad   Thumb Code   636  prepare.o(.text)
    wait_fly_time_over                       0x00002729   Thumb Code   124  prepare.o(.text)
    main                                     0x000027e5   Thumb Code   304  main.o(.text)
    led_init                                 0x00002971   Thumb Code    52  led.o(.text)
    led1_on                                  0x000029a5   Thumb Code    14  led.o(.text)
    led1_off                                 0x000029b3   Thumb Code    14  led.o(.text)
    led2_on                                  0x000029c1   Thumb Code    14  led.o(.text)
    led2_off                                 0x000029cf   Thumb Code    14  led.o(.text)
    led3_on                                  0x000029dd   Thumb Code    14  led.o(.text)
    led3_off                                 0x000029eb   Thumb Code    14  led.o(.text)
    test_led                                 0x000029f9   Thumb Code    44  led.o(.text)
    read_pin                                 0x00002a25   Thumb Code    28  led.o(.text)
    pwm_init                                 0x00002a4d   Thumb Code   240  my_pwm.o(.text)
    set_compare                              0x00002b3d   Thumb Code    64  my_pwm.o(.text)
    my_test                                  0x00002b7d   Thumb Code    16  my_pwm.o(.text)
    motor_driver                             0x00002b8d   Thumb Code    74  my_pwm.o(.text)
    dmp_load_motion_driver_firmware          0x00002bfd   Thumb Code    20  anbt_dmp_driver.o(.text)
    dmp_set_orientation                      0x00002c11   Thumb Code   290  anbt_dmp_driver.o(.text)
    dmp_set_gyro_bias                        0x00002d33   Thumb Code   294  anbt_dmp_driver.o(.text)
    dmp_set_accel_bias                       0x00002e59   Thumb Code   300  anbt_dmp_driver.o(.text)
    dmp_set_fifo_rate                        0x00002f85   Thumb Code   136  anbt_dmp_driver.o(.text)
    dmp_get_fifo_rate                        0x0000300d   Thumb Code    12  anbt_dmp_driver.o(.text)
    dmp_set_tap_thresh                       0x00003019   Thumb Code   412  anbt_dmp_driver.o(.text)
    dmp_set_tap_axes                         0x000031b5   Thumb Code    70  anbt_dmp_driver.o(.text)
    dmp_set_tap_count                        0x000031fb   Thumb Code    38  anbt_dmp_driver.o(.text)
    dmp_set_tap_time                         0x00003221   Thumb Code    38  anbt_dmp_driver.o(.text)
    dmp_set_tap_time_multi                   0x00003247   Thumb Code    38  anbt_dmp_driver.o(.text)
    dmp_set_shake_reject_thresh              0x0000326d   Thumb Code    56  anbt_dmp_driver.o(.text)
    dmp_set_shake_reject_time                0x000032a5   Thumb Code    38  anbt_dmp_driver.o(.text)
    dmp_set_shake_reject_timeout             0x000032cb   Thumb Code    38  anbt_dmp_driver.o(.text)
    dmp_get_pedometer_step_count             0x000032f1   Thumb Code    66  anbt_dmp_driver.o(.text)
    dmp_set_pedometer_step_count             0x00003333   Thumb Code    42  anbt_dmp_driver.o(.text)
    dmp_get_pedometer_walk_time              0x0000335d   Thumb Code    72  anbt_dmp_driver.o(.text)
    dmp_set_pedometer_walk_time              0x000033a5   Thumb Code    48  anbt_dmp_driver.o(.text)
    dmp_enable_6x_lp_quat                    0x000033d5   Thumb Code   100  anbt_dmp_driver.o(.text)
    dmp_enable_lp_quat                       0x00003439   Thumb Code    60  anbt_dmp_driver.o(.text)
    dmp_enable_gyro_cal                      0x00003475   Thumb Code    62  anbt_dmp_driver.o(.text)
    dmp_enable_feature                       0x000034b3   Thumb Code   530  anbt_dmp_driver.o(.text)
    dmp_get_enabled_features                 0x000036c5   Thumb Code    12  anbt_dmp_driver.o(.text)
    dmp_set_interrupt_mode                   0x0000372f   Thumb Code    66  anbt_dmp_driver.o(.text)
    dmp_read_fifo                            0x00003771   Thumb Code   506  anbt_dmp_driver.o(.text)
    dmp_register_tap_cb                      0x0000396b   Thumb Code    10  anbt_dmp_driver.o(.text)
    dmp_register_android_orient_cb           0x00003975   Thumb Code    10  anbt_dmp_driver.o(.text)
    mpu_set_gyro_fsr                         0x00003985   Thumb Code   132  anbt_dmp_mpu6050.o(.text)
    mpu_set_accel_fsr                        0x00003a09   Thumb Code   126  anbt_dmp_mpu6050.o(.text)
    mpu_set_lpf                              0x00003a87   Thumb Code   126  anbt_dmp_mpu6050.o(.text)
    mpu_set_int_latched                      0x00003b05   Thumb Code   102  anbt_dmp_mpu6050.o(.text)
    mpu_reset_fifo                           0x00003bf5   Thumb Code   454  anbt_dmp_mpu6050.o(.text)
    mpu_configure_fifo                       0x00003dbb   Thumb Code   106  anbt_dmp_mpu6050.o(.text)
    mpu_lp_accel_mode                        0x00003e25   Thumb Code   218  anbt_dmp_mpu6050.o(.text)
    mpu_set_sample_rate                      0x00003eff   Thumb Code   152  anbt_dmp_mpu6050.o(.text)
    mpu_set_bypass                           0x00003f97   Thumb Code   328  anbt_dmp_mpu6050.o(.text)
    mpu_set_sensors                          0x000040df   Thumb Code   208  anbt_dmp_mpu6050.o(.text)
    mpu_set_dmp_state                        0x000041af   Thumb Code   138  anbt_dmp_mpu6050.o(.text)
    mpu_get_gyro_fsr                         0x00004239   Thumb Code    64  anbt_dmp_mpu6050.o(.text)
    mpu_get_accel_fsr                        0x00004279   Thumb Code    72  anbt_dmp_mpu6050.o(.text)
    mpu_get_lpf                              0x000042c1   Thumb Code    74  anbt_dmp_mpu6050.o(.text)
    mpu_get_sample_rate                      0x0000430b   Thumb Code    26  anbt_dmp_mpu6050.o(.text)
    mpu_get_fifo_config                      0x00004325   Thumb Code    12  anbt_dmp_mpu6050.o(.text)
    mpu_get_gyro_sens                        0x00004857   Thumb Code    74  anbt_dmp_mpu6050.o(.text)
    mpu_get_accel_sens                       0x000048a1   Thumb Code    78  anbt_dmp_mpu6050.o(.text)
    mpu_run_self_test                        0x00004b3f   Thumb Code   278  anbt_dmp_mpu6050.o(.text)
    mpu_write_mem                            0x00004ceb   Thumb Code   122  anbt_dmp_mpu6050.o(.text)
    mpu_read_mem                             0x00004d65   Thumb Code   140  anbt_dmp_mpu6050.o(.text)
    mpu_read_fifo_stream                     0x00004df1   Thumb Code   186  anbt_dmp_mpu6050.o(.text)
    mpu_load_firmware                        0x00004eab   Thumb Code   180  anbt_dmp_mpu6050.o(.text)
    AnBT_DMP_MPU6050_DEV_CFG                 0x00004fd5   Thumb Code   410  anbt_dmp_mpu6050.o(.text)
    AnBT_DMP_MPU6050_Init                    0x0000516f   Thumb Code   126  anbt_dmp_mpu6050.o(.text)
    AnBT_DMP_MPU6050_SEND_DATA_FUN           0x000051ed   Thumb Code    24  anbt_dmp_mpu6050.o(.text)
    DMP_Delay                                0x00005205   Thumb Code    10  anbt_dmp_mpu6050.o(.text)
    sda_up                                   0x00005229   Thumb Code    28  anbt_i2c.o(.text)
    ANBT_I2C_Configuration                   0x00005245   Thumb Code    70  anbt_i2c.o(.text)
    Read_sda                                 0x0000528b   Thumb Code    32  anbt_i2c.o(.text)
    sda_down                                 0x000052ab   Thumb Code    28  anbt_i2c.o(.text)
    ANBT_I2C_START                           0x000052c7   Thumb Code   110  anbt_i2c.o(.text)
    ANBT_I2C_STOP                            0x00005335   Thumb Code    64  anbt_i2c.o(.text)
    ANBT_I2C_SendACK                         0x00005375   Thumb Code    70  anbt_i2c.o(.text)
    ANBT_I2C_SendNACK                        0x000053bb   Thumb Code    70  anbt_i2c.o(.text)
    ANBT_I2C_SendByte                        0x00005401   Thumb Code   184  anbt_i2c.o(.text)
    ANBT_I2C_ReceiveByte                     0x000054b9   Thumb Code   100  anbt_i2c.o(.text)
    ANBT_I2C_ReceiveByte_WithACK             0x0000551d   Thumb Code   100  anbt_i2c.o(.text)
    ANBT_I2C_Receive6Bytes                   0x00005581   Thumb Code   228  anbt_i2c.o(.text)
    ANBT_I2C_Receive12Bytes                  0x00005665   Thumb Code   214  anbt_i2c.o(.text)
    ANBT_I2C_Receive14Bytes                  0x0000573b   Thumb Code   214  anbt_i2c.o(.text)
    AnBT_DMP_Delay_us                        0x00005811   Thumb Code    26  anbt_i2c.o(.text)
    AnBT_DMP_Delay_ms                        0x0000582b   Thumb Code    24  anbt_i2c.o(.text)
    AnBT_DMP_I2C_Write                       0x00005843   Thumb Code    64  anbt_i2c.o(.text)
    AnBT_DMP_I2C_Read                        0x00005883   Thumb Code    90  anbt_i2c.o(.text)
    mpu6050_init                             0x000058e1   Thumb Code    18  my6050data.o(.text)
    yaw_roll_pitch_gyro_data                 0x000058f3   Thumb Code   650  my6050data.o(.text)
    control_motor                            0x00005b95   Thumb Code   616  control.o(.text)
    limit_thrust                             0x00005dfd   Thumb Code    22  control.o(.text)
    set_motor                                0x00005e13   Thumb Code   236  control.o(.text)
    pid_init                                 0x00005f95   Thumb Code    18  pid.o(.text)
    pid_update                               0x00005fa7   Thumb Code   214  pid.o(.text)
    height_pid_update                        0x0000607d   Thumb Code   256  pid.o(.text)
    LCD_TransferData                         0x00006185   Thumb Code    58  lcddriver.o(.text)
    LCD_TransferCmd                          0x000061bf   Thumb Code    58  lcddriver.o(.text)
    LCD_ScreenClr                            0x000061f9   Thumb Code    66  lcddriver.o(.text)
    LCD_Enable                               0x0000623b   Thumb Code   118  lcddriver.o(.text)
    LCD_Delay2                               0x000062b1   Thumb Code    26  lcddriver.o(.text)
    LCD_Delay3                               0x000062cb   Thumb Code    22  lcddriver.o(.text)
    LCD_Init                                 0x000062e1   Thumb Code   112  lcddriver.o(.text)
    LCD_Draw_Char_8x16                       0x00006351   Thumb Code   134  lcddriver.o(.text)
    LCD_Draw_Char_8x8                        0x000063d7   Thumb Code   328  lcddriver.o(.text)
    LCD_Draw_String                          0x0000651f   Thumb Code    54  lcddriver.o(.text)
    LCD_Draw_Num                             0x00006555   Thumb Code   466  lcddriver.o(.text)
    LCD_Draw_Line_Clear                      0x00006727   Thumb Code    68  lcddriver.o(.text)
    LCD_Draw_Clear_8x8                       0x0000676b   Thumb Code    86  lcddriver.o(.text)
    LCD_Draw_Chinese                         0x000067c1   Thumb Code   124  lcddriver.o(.text)
    scan_key                                 0x0000683d   Thumb Code   192  lcddriver.o(.text)
    fly_limit                                0x00006919   Thumb Code    98  flyaction.o(.text)
    key_init                                 0x0000697b   Thumb Code   144  flyaction.o(.text)
    read_key1                                0x00006a0b   Thumb Code    54  flyaction.o(.text)
    read_key2                                0x00006a41   Thumb Code    54  flyaction.o(.text)
    read_key3                                0x00006a77   Thumb Code    44  flyaction.o(.text)
    Init_ADCWheel                            0x00006aa3   Thumb Code    66  flyaction.o(.text)
    ADC_ValueGet                             0x00006ae5   Thumb Code    56  flyaction.o(.text)
    URGENT_STOP                              0x00006b1d   Thumb Code    54  flyaction.o(.text)
    urgent_stop_init                         0x00006b53   Thumb Code    64  flyaction.o(.text)
    fly_load                                 0x00006b93   Thumb Code   212  flyaction.o(.text)
    fill_array                               0x00006cd5   Thumb Code    90  fliter.o(.text)
    moving_fliter                            0x00006d2f   Thumb Code   536  fliter.o(.text)
    quanvalue_allocate                       0x00006f47   Thumb Code   160  fliter.o(.text)
    moving_height_fliter                     0x00006fe7   Thumb Code   632  fliter.o(.text)
    ultra_trig_init                          0x00007289   Thumb Code    52  ultrasonic.o(.text)
    ultra_echo_init                          0x000072bd   Thumb Code    52  ultrasonic.o(.text)
    ECHO_interrupt_handler                   0x000072f1   Thumb Code    84  ultrasonic.o(.text)
    send_signal                              0x00007345   Thumb Code    36  ultrasonic.o(.text)
    echo_init                                0x00007369   Thumb Code   102  ultrasonic.o(.text)
    ultra_timer_init                         0x000073cf   Thumb Code    38  ultrasonic.o(.text)
    ultra_intergrate_init                    0x000073f5   Thumb Code    20  ultrasonic.o(.text)
    camear_gpio_init                         0x00007425   Thumb Code    52  camearfindway.o(.text)
    read_first_gpio                          0x00007459   Thumb Code    16  camearfindway.o(.text)
    read_second_gpio                         0x00007469   Thumb Code    16  camearfindway.o(.text)
    read_third_gpio                          0x00007479   Thumb Code    16  camearfindway.o(.text)
    read_forth_gpio                          0x00007489   Thumb Code    16  camearfindway.o(.text)
    findway                                  0x00007499   Thumb Code   380  camearfindway.o(.text)
    all_gpio_pin_unlock                      0x00007629   Thumb Code   174  unlock.o(.text)
    __aeabi_ldivmod                          0x000076ed   Thumb Code    90  ldiv.o(.text)
    __aeabi_memset                           0x00007747   Thumb Code    14  memseta.o(.text)
    __aeabi_memset4                          0x00007747   Thumb Code     0  memseta.o(.text)
    __aeabi_memset8                          0x00007747   Thumb Code     0  memseta.o(.text)
    __aeabi_memclr                           0x00007755   Thumb Code     4  memseta.o(.text)
    __aeabi_memclr4                          0x00007755   Thumb Code     0  memseta.o(.text)
    __aeabi_memclr8                          0x00007755   Thumb Code     0  memseta.o(.text)
    _memset$wrapper                          0x00007759   Thumb Code    18  memseta.o(.text)
    strlen                                   0x0000776b   Thumb Code    14  strlen.o(.text)
    memcmp                                   0x00007779   Thumb Code    26  memcmp.o(.text)
    __aeabi_dadd                             0x00007793   Thumb Code   322  dadd.o(.text)
    __aeabi_dsub                             0x000078d5   Thumb Code     6  dadd.o(.text)
    __aeabi_drsub                            0x000078db   Thumb Code     6  dadd.o(.text)
    __aeabi_dmul                             0x000078e1   Thumb Code   228  dmul.o(.text)
    __aeabi_ddiv                             0x000079c5   Thumb Code   222  ddiv.o(.text)
    __aeabi_f2d                              0x00007aa3   Thumb Code    38  f2d.o(.text)
    __aeabi_cdrcmple                         0x00007ac9   Thumb Code    38  cdrcmple.o(.text)
    __aeabi_d2f                              0x00007af1   Thumb Code    56  d2f.o(.text)
    __aeabi_uldivmod                         0x00007b29   Thumb Code    98  uldiv.o(.text)
    __aeabi_llsl                             0x00007b8b   Thumb Code    30  llshl.o(.text)
    _ll_shift_l                              0x00007b8b   Thumb Code     0  llshl.o(.text)
    __aeabi_lasr                             0x00007ba9   Thumb Code    36  llsshr.o(.text)
    _ll_sshift_r                             0x00007ba9   Thumb Code     0  llsshr.o(.text)
    __I$use$fp                               0x00007bcd   Thumb Code     0  iusefp.o(.text)
    _float_round                             0x00007bcd   Thumb Code    18  fepilogue.o(.text)
    _float_epilogue                          0x00007bdf   Thumb Code    90  fepilogue.o(.text)
    _double_round                            0x00007c39   Thumb Code    26  depilogue.o(.text)
    _double_epilogue                         0x00007c53   Thumb Code   164  depilogue.o(.text)
    __scatterload                            0x00007cf9   Thumb Code    28  init.o(.text)
    __scatterload_rt2                        0x00007cf9   Thumb Code     0  init.o(.text)
    __aeabi_llsr                             0x00007d1d   Thumb Code    32  llushr.o(.text)
    _ll_ushift_r                             0x00007d1d   Thumb Code     0  llushr.o(.text)
    _dsqrt                                   0x00007d3d   Thumb Code   162  dsqrt.o(.text)
    __decompress                             0x00007ddf   Thumb Code     0  __dczerorl2.o(.text)
    __decompress1                            0x00007ddf   Thumb Code    92  __dczerorl2.o(.text)
    __ARM_fpclassify                         0x00007e3b   Thumb Code    48  fpclassify.o(i.__ARM_fpclassify)
    __hardfp_asin                            0x00007e71   Thumb Code   774  asin.o(i.__hardfp_asin)
    __hardfp_atan                            0x000081e1   Thumb Code   636  atan.o(i.__hardfp_atan)
    __hardfp_atan2                           0x000084c9   Thumb Code   416  atan2.o(i.__hardfp_atan2)
    __hardfp_fabs                            0x000086a9   Thumb Code    20  fabs.o(i.__hardfp_fabs)
    __kernel_poly                            0x000086bd   Thumb Code   248  poly.o(i.__kernel_poly)
    __mathlib_dbl_underflow                  0x000087b9   Thumb Code    24  dunder.o(i.__mathlib_dbl_underflow)
    __scatterload_copy                       0x000087d9   Thumb Code    14  handlers.o(i.__scatterload_copy)
    __scatterload_null                       0x000087e7   Thumb Code     2  handlers.o(i.__scatterload_null)
    __scatterload_zeroinit                   0x000087e9   Thumb Code    14  handlers.o(i.__scatterload_zeroinit)
    __set_errno                              0x000087f9   Thumb Code     6  errno.o(i.__set_errno)
    atan                                     0x00008805   Thumb Code    16  atan.o(i.atan)
    fabs                                     0x00008815   Thumb Code    32  fabs.o(i.fabs)
    sqrt                                     0x00008835   Thumb Code   110  sqrt.o(i.sqrt)
    reg                                      0x000097cc   Data          27  anbt_dmp_mpu6050.o(.constdata)
    hw                                       0x000097e8   Data          12  anbt_dmp_mpu6050.o(.constdata)
    test                                     0x000097f4   Data          40  anbt_dmp_mpu6050.o(.constdata)
    Font8ASCII                               0x0000981c   Data          32  lcddriver.o(.constdata)
    acFont8ASCII                             0x0000983c   Data         760  lcddriver.o(.constdata)
    CHINESE_MATRIX                           0x00009b34   Data         288  lcddriver.o(.constdata)
    asc                                      0x00009c54   Data        1552  lcddriver.o(.constdata)
    __mathlib_zero                           0x0000a350   Data           8  qnan.o(.constdata)
    Region$$Table$$Base                      0x0000a358   Number         0  anon$$obj.o(Region$$Table)
    Region$$Table$$Limit                     0x0000a378   Number         0  anon$$obj.o(Region$$Table)
    key_ok                                   0x20000003   Data           1  prepare.o(.data)
    fly_time_ok                              0x20000004   Data           1  prepare.o(.data)
    fly_gesture_roll                         0x20000005   Data           1  prepare.o(.data)
    fly_gesture_pitch                        0x20000006   Data           1  prepare.o(.data)
    fly_gesture_yaw                          0x20000007   Data           1  prepare.o(.data)
    fly_height_ok                            0x20000008   Data           1  prepare.o(.data)
    thrust_base                              0x2000000c   Data           4  main.o(.data)
    DESIRE_ROLL                              0x20000010   Data           4  main.o(.data)
    DESIRE_PITCH                             0x20000014   Data           4  main.o(.data)
    DESIRE_YAW                               0x20000018   Data           4  main.o(.data)
    DESIRE_HEIGHT                            0x2000001c   Data           4  main.o(.data)
    ms5                                      0x20000020   Data           2  main.o(.data)
    fly_time                                 0x20000024   Data           4  main.o(.data)
    ms200                                    0x20000028   Data           2  main.o(.data)
    ms100                                    0x2000002a   Data           2  main.o(.data)
    PWM1                                     0x2000002c   Data           2  main.o(.data)
    PWM2                                     0x2000002e   Data           2  main.o(.data)
    PWM3                                     0x20000030   Data           2  main.o(.data)
    PWM4                                     0x20000032   Data           2  main.o(.data)
    ROLL                                     0x20000034   Data           4  main.o(.data)
    PITCH                                    0x20000038   Data           4  main.o(.data)
    YAW                                      0x2000003c   Data           4  main.o(.data)
    GYROX                                    0x20000040   Data           2  main.o(.data)
    GYROY                                    0x20000042   Data           2  main.o(.data)
    GYROZ                                    0x20000044   Data           2  main.o(.data)
    PID_ROLL_OUT                             0x20000048   Data           4  main.o(.data)
    PID_PITCH_OUT                            0x2000004c   Data           4  main.o(.data)
    PID_YAW_OUT                              0x20000050   Data           4  main.o(.data)
    PID_HEIGHT_OUT                           0x20000054   Data           4  main.o(.data)
    gyro                                     0x20000090   Data           6  anbt_dmp_mpu6050.o(.data)
    accel                                    0x20000096   Data           6  anbt_dmp_mpu6050.o(.data)
    sensors                                  0x2000009c   Data           2  anbt_dmp_mpu6050.o(.data)
    more                                     0x2000009e   Data           1  anbt_dmp_mpu6050.o(.data)
    sensor_timestamp                         0x200000a0   Data           4  anbt_dmp_mpu6050.o(.data)
    test_flag                                0x200000ad   Data           1  my6050data.o(.data)
    control_flag_ok                          0x200000b0   Data           1  control.o(.data)
    oula_roll_kp                             0x200000b4   Data           4  control.o(.data)
    oula_roll_ki                             0x200000b8   Data           4  control.o(.data)
    oula_roll_kd                             0x200000bc   Data           4  control.o(.data)
    gyro_x_kp                                0x200000c0   Data           4  control.o(.data)
    gyro_x_ki                                0x200000c4   Data           4  control.o(.data)
    gyro_x_kd                                0x200000c8   Data           4  control.o(.data)
    oula_pitch_kp                            0x200000cc   Data           4  control.o(.data)
    oula_pitch_ki                            0x200000d0   Data           4  control.o(.data)
    oula_pitch_kd                            0x200000d4   Data           4  control.o(.data)
    gyro_y_kp                                0x200000d8   Data           4  control.o(.data)
    gyro_y_ki                                0x200000dc   Data           4  control.o(.data)
    gyro_y_kd                                0x200000e0   Data           4  control.o(.data)
    oula_yaw_kp                              0x200000e4   Data           4  control.o(.data)
    oula_yaw_ki                              0x200000e8   Data           4  control.o(.data)
    oula_yaw_kd                              0x200000ec   Data           4  control.o(.data)
    gyro_z_kp                                0x200000f0   Data           4  control.o(.data)
    gyro_z_ki                                0x200000f4   Data           4  control.o(.data)
    gyro_z_kd                                0x200000f8   Data           4  control.o(.data)
    height_kp                                0x200000fc   Data           4  control.o(.data)
    height_ki                                0x20000100   Data           4  control.o(.data)
    height_kd                                0x20000104   Data           4  control.o(.data)
    rollquanvalue                            0x2000010c   Data          15  fliter.o(.data)
    pitchquanvalue                           0x2000011b   Data          15  fliter.o(.data)
    yawquanvalue                             0x2000012a   Data          15  fliter.o(.data)
    distance                                 0x2000013c   Data           4  ultrasonic.o(.data)
    direction_flag                           0x20000141   Data           1  camearfindway.o(.data)
    anbt_mpu6050_quat_data                   0x2000067c   Data          16  anbt_dmp_mpu6050.o(.bss)
    oula_roll_pid                            0x2000068c   Data          52  pid.o(.bss)
    oula_pitch_pid                           0x200006c0   Data          52  pid.o(.bss)
    oula_yaw_pid                             0x200006f4   Data          52  pid.o(.bss)
    rate_roll_pid                            0x20000728   Data          52  pid.o(.bss)
    rate_pitch_pid                           0x2000075c   Data          52  pid.o(.bss)
    rate_yaw_pid                             0x20000790   Data          52  pid.o(.bss)
    height_pid                               0x200007c4   Data          52  pid.o(.bss)
    ROLL_array                               0x200007f8   Data          60  fliter.o(.bss)
    PITCH_array                              0x20000834   Data          60  fliter.o(.bss)
    YAW_array                                0x20000870   Data          60  fliter.o(.bss)
    __initial_sp                             0x20000ab0   Data           0  startup_tm4c123.o(STACK)



==============================================================================

Memory Map of the image

  Image Entry point : 0x0000026d

  Load Region LR_IROM1 (Base: 0x00000000, Size: 0x0000a9e4, Max: 0x00040000, ABSOLUTE, COMPRESSED[0x0000a3f0])

    Execution Region ER_IROM1 (Base: 0x00000000, Size: 0x0000a378, Max: 0x00040000, ABSOLUTE)

    Base Addr    Size         Type   Attr      Idx    E Section Name        Object

    0x00000000   0x0000026c   Data   RO            3    RESET               startup_tm4c123.o
    0x0000026c   0x00000000   Code   RO          687  * .ARM.Collect$$$$00000000  mc_w.l(entry.o)
    0x0000026c   0x00000004   Code   RO         1007    .ARM.Collect$$$$00000001  mc_w.l(entry2.o)
    0x00000270   0x00000004   Code   RO         1010    .ARM.Collect$$$$00000004  mc_w.l(entry5.o)
    0x00000274   0x00000000   Code   RO         1012    .ARM.Collect$$$$00000008  mc_w.l(entry7b.o)
    0x00000274   0x00000000   Code   RO         1014    .ARM.Collect$$$$0000000A  mc_w.l(entry8b.o)
    0x00000274   0x00000008   Code   RO         1015    .ARM.Collect$$$$0000000B  mc_w.l(entry9a.o)
    0x0000027c   0x00000000   Code   RO         1017    .ARM.Collect$$$$0000000D  mc_w.l(entry10a.o)
    0x0000027c   0x00000000   Code   RO         1019    .ARM.Collect$$$$0000000F  mc_w.l(entry11a.o)
    0x0000027c   0x00000004   Code   RO         1008    .ARM.Collect$$$$00002712  mc_w.l(entry2.o)
    0x00000280   0x00000006   Code   RO          168    .emb_text           sysctl.o
    0x00000286   0x00000002   PAD
    0x00000288   0x00000026   Code   RO          639    .emb_text           driverlib.lib(cpu.o)
    0x000002ae   0x00000002   PAD
    0x000002b0   0x000000fc   Code   RO            4    .text               startup_tm4c123.o
    0x000003ac   0x0000016c   Code   RO           10    .text               system_ti.o
    0x00000518   0x000000a4   Code   RO          153    .text               fpu.o
    0x000005bc   0x000006b8   Code   RO          169    .text               sysctl.o
    0x00000c74   0x00000170   Code   RO          197    .text               ssi.o
    0x00000de4   0x00000354   Code   RO          214    .text               adc.o
    0x00001138   0x000006c4   Code   RO          231    .text               gpio.o
    0x000017fc   0x00000330   Code   RO          275    .text               interrupt.o
    0x00001b2c   0x00000268   Code   RO          290    .text               timer.o
    0x00001d94   0x00000360   Code   RO          304    .text               pwm.o
    0x000020f4   0x000006f0   Code   RO          322    .text               prepare.o
    0x000027e4   0x0000018c   Code   RO          338    .text               main.o
    0x00002970   0x000000dc   Code   RO          354    .text               led.o
    0x00002a4c   0x000001b0   Code   RO          393    .text               my_pwm.o
    0x00002bfc   0x00000d88   Code   RO          405    .text               anbt_dmp_driver.o
    0x00003984   0x000018a4   Code   RO          430    .text               anbt_dmp_mpu6050.o
    0x00005228   0x000006b8   Code   RO          466    .text               anbt_i2c.o
    0x000058e0   0x000002b4   Code   RO          478    .text               my6050data.o
    0x00005b94   0x00000400   Code   RO          499    .text               control.o
    0x00005f94   0x000001f0   Code   RO          514    .text               pid.o
    0x00006184   0x00000794   Code   RO          545    .text               lcddriver.o
    0x00006918   0x000003bc   Code   RO          566    .text               flyaction.o
    0x00006cd4   0x000005b4   Code   RO          579    .text               fliter.o
    0x00007288   0x0000019c   Code   RO          596    .text               ultrasonic.o
    0x00007424   0x00000204   Code   RO          611    .text               camearfindway.o
    0x00007628   0x000000c4   Code   RO          627    .text               unlock.o
    0x000076ec   0x0000005a   Code   RO          690    .text               mc_w.l(ldiv.o)
    0x00007746   0x00000024   Code   RO          692    .text               mc_w.l(memseta.o)
    0x0000776a   0x0000000e   Code   RO          694    .text               mc_w.l(strlen.o)
    0x00007778   0x0000001a   Code   RO          696    .text               mc_w.l(memcmp.o)
    0x00007792   0x0000014e   Code   RO          958    .text               mf_w.l(dadd.o)
    0x000078e0   0x000000e4   Code   RO          960    .text               mf_w.l(dmul.o)
    0x000079c4   0x000000de   Code   RO          962    .text               mf_w.l(ddiv.o)
    0x00007aa2   0x00000026   Code   RO          968    .text               mf_w.l(f2d.o)
    0x00007ac8   0x00000028   Code   RO          970    .text               mf_w.l(cdrcmple.o)
    0x00007af0   0x00000038   Code   RO          972    .text               mf_w.l(d2f.o)
    0x00007b28   0x00000062   Code   RO         1024    .text               mc_w.l(uldiv.o)
    0x00007b8a   0x0000001e   Code   RO         1026    .text               mc_w.l(llshl.o)
    0x00007ba8   0x00000024   Code   RO         1028    .text               mc_w.l(llsshr.o)
    0x00007bcc   0x00000000   Code   RO         1037    .text               mc_w.l(iusefp.o)
    0x00007bcc   0x0000006c   Code   RO         1038    .text               mf_w.l(fepilogue.o)
    0x00007c38   0x000000be   Code   RO         1040    .text               mf_w.l(depilogue.o)
    0x00007cf6   0x00000002   PAD
    0x00007cf8   0x00000024   Code   RO         1044    .text               mc_w.l(init.o)
    0x00007d1c   0x00000020   Code   RO         1046    .text               mc_w.l(llushr.o)
    0x00007d3c   0x000000a2   Code   RO         1048    .text               mf_w.l(dsqrt.o)
    0x00007dde   0x0000005c   Code   RO         1060    .text               mc_w.l(__dczerorl2.o)
    0x00007e3a   0x00000030   Code   RO          990    i.__ARM_fpclassify  m_wm.l(fpclassify.o)
    0x00007e6a   0x00000006   PAD
    0x00007e70   0x00000370   Code   RO          655    i.__hardfp_asin     m_wm.l(asin.o)
    0x000081e0   0x000002e8   Code   RO          974    i.__hardfp_atan     m_wm.l(atan.o)
    0x000084c8   0x000001e0   Code   RO          669    i.__hardfp_atan2    m_wm.l(atan2.o)
    0x000086a8   0x00000014   Code   RO          681    i.__hardfp_fabs     m_wm.l(fabs.o)
    0x000086bc   0x000000f8   Code   RO          992    i.__kernel_poly     m_wm.l(poly.o)
    0x000087b4   0x00000004   PAD
    0x000087b8   0x00000020   Code   RO          988    i.__mathlib_dbl_underflow  m_wm.l(dunder.o)
    0x000087d8   0x0000000e   Code   RO         1054    i.__scatterload_copy  mc_w.l(handlers.o)
    0x000087e6   0x00000002   Code   RO         1055    i.__scatterload_null  mc_w.l(handlers.o)
    0x000087e8   0x0000000e   Code   RO         1056    i.__scatterload_zeroinit  mc_w.l(handlers.o)
    0x000087f6   0x00000002   PAD
    0x000087f8   0x0000000c   Code   RO         1032    i.__set_errno       mc_w.l(errno.o)
    0x00008804   0x00000010   Code   RO          976    i.atan              m_wm.l(atan.o)
    0x00008814   0x00000020   Code   RO          683    i.fabs              m_wm.l(fabs.o)
    0x00008834   0x0000006e   Code   RO          997    i.sqrt              m_wm.l(sqrt.o)
    0x000088a2   0x00000002   PAD
    0x000088a4   0x0000006c   Data   RO          170    .constdata          sysctl.o
    0x00008910   0x00000020   Data   RO          198    .constdata          ssi.o
    0x00008930   0x00000138   Data   RO          232    .constdata          gpio.o
    0x00008a68   0x0000010c   Data   RO          276    .constdata          interrupt.o
    0x00008b74   0x00000060   Data   RO          291    .constdata          timer.o
    0x00008bd4   0x00000bf6   Data   RO          407    .constdata          anbt_dmp_driver.o
    0x000097ca   0x00000002   PAD
    0x000097cc   0x00000050   Data   RO          432    .constdata          anbt_dmp_mpu6050.o
    0x0000981c   0x00000a48   Data   RO          546    .constdata          lcddriver.o
    0x0000a264   0x00000004   PAD
    0x0000a268   0x00000050   Data   RO          658    .constdata          m_wm.l(asin.o)
    0x0000a2b8   0x00000098   Data   RO          977    .constdata          m_wm.l(atan.o)
    0x0000a350   0x00000008   Data   RO          994    .constdata          m_wm.l(qnan.o)
    0x0000a358   0x00000020   Data   RO         1052    Region$$Table       anon$$obj.o


    Execution Region RW_IRAM1 (Base: 0x20000000, Size: 0x00000ab0, Max: 0x00008000, ABSOLUTE, COMPRESSED[0x00000078])

    Base Addr    Size         Type   Attr      Idx    E Section Name        Object

    0x20000000   0x00000003   Data   RW          215    .data               adc.o
    0x20000003   0x00000006   Data   RW          323    .data               prepare.o
    0x20000009   0x00000003   PAD
    0x2000000c   0x0000004c   Data   RW          339    .data               main.o
    0x20000058   0x0000004c   Data   RW          433    .data               anbt_dmp_mpu6050.o
    0x200000a4   0x0000000a   Data   RW          479    .data               my6050data.o
    0x200000ae   0x00000002   PAD
    0x200000b0   0x00000058   Data   RW          500    .data               control.o
    0x20000108   0x00000004   Data   RW          516    .data               pid.o
    0x2000010c   0x0000002f   Data   RW          581    .data               fliter.o
    0x2000013b   0x00000001   PAD
    0x2000013c   0x00000005   Data   RW          597    .data               ultrasonic.o
    0x20000141   0x00000001   Data   RW          612    .data               camearfindway.o
    0x20000142   0x00000002   PAD
    0x20000144   0x00000004   Data   RW         1033    .data               mc_w.l(errno.o)
    0x20000148   0x000002b8   PAD
    0x20000400   0x0000026c   Data   RW          277    vtable              interrupt.o
    0x2000066c   0x00000010   Zero   RW          406    .bss                anbt_dmp_driver.o
    0x2000067c   0x00000010   Zero   RW          431    .bss                anbt_dmp_mpu6050.o
    0x2000068c   0x0000016c   Zero   RW          515    .bss                pid.o
    0x200007f8   0x000000b4   Zero   RW          580    .bss                fliter.o
    0x200008ac   0x00000004   PAD
    0x200008b0   0x00000200   Zero   RW            1    STACK               startup_tm4c123.o


==============================================================================

Image component sizes


      Code (inc. data)   RO Data    RW Data    ZI Data      Debug   Object Name

       852         20          0          3          0       9457   adc.o
      3464        142       3062          0         16      14611   anbt_dmp_driver.o
      6308        116         80         76         16      18172   anbt_dmp_mpu6050.o
      1720         16          0          0          0       5162   anbt_i2c.o
       516         30          0          1          0       1637   camearfindway.o
      1024        150          0         88          0       3406   control.o
      1460         92          0         47        180       3611   fliter.o
       956        110          0          0          0       2208   flyaction.o
       164         10          0          0          0       1529   fpu.o
      1732         14        312          0          0      11274   gpio.o
       816         46        268        620          0       4484   interrupt.o
      1940         72       2632          0          0      10935   lcddriver.o
       220         12          0          0          0       1340   led.o
       396         92          0         76          0       1443   main.o
       692         24          0         10          0       5508   my6050data.o
       432         38          0          0          0       1144   my_pwm.o
       496          8          0          4        364       2589   pid.o
      1776        232          0          6          0       2116   prepare.o
       864         28          0          0          0       9137   pwm.o
       368          4         32          0          0       5375   ssi.o
       252         10        620          0        512       5384   startup_tm4c123.o
      1726        106        108          0          0       9051   sysctl.o
       364         36          0          0          0       5915   system_ti.o
       616          6         96          0          0       8526   timer.o
       412         28          0          5          0       1533   ultrasonic.o
       196         22          0          0          0        506   unlock.o

    ----------------------------------------------------------------------
     29764       1464       7248        944       1092     146053   Object Totals
         0          0         32          0          0          0   (incl. Generated)
         2          0          6          8          4          0   (incl. Padding)

    ----------------------------------------------------------------------

      Code (inc. data)   RO Data    RW Data    ZI Data      Debug   Library Member Name

        38          0          0          0          0        504   cpu.o
       880        106         80          0          0        200   asin.o
       760        108        152          0          0        344   atan.o
       480         64          0          0          0        156   atan2.o
        32          8          0          0          0        124   dunder.o
        52          0          0          0          0        248   fabs.o
        48          0          0          0          0        124   fpclassify.o
       248          0          0          0          0        152   poly.o
         0          0          8          0          0          0   qnan.o
       110          0          0          0          0        148   sqrt.o
        92          0          0          0          0          0   __dczerorl2.o
         0          0          0          0          0          0   entry.o
         0          0          0          0          0          0   entry10a.o
         0          0          0          0          0          0   entry11a.o
         8          4          0          0          0          0   entry2.o
         4          0          0          0          0          0   entry5.o
         0          0          0          0          0          0   entry7b.o
         0          0          0          0          0          0   entry8b.o
         8          4          0          0          0          0   entry9a.o
        12          6          0          4          0         68   errno.o
        30          0          0          0          0          0   handlers.o
        36          8          0          0          0         68   init.o
         0          0          0          0          0          0   iusefp.o
        90          0          0          0          0         84   ldiv.o
        30          0          0          0          0         68   llshl.o
        36          0          0          0          0         68   llsshr.o
        32          0          0          0          0         68   llushr.o
        26          0          0          0          0         80   memcmp.o
        36          0          0          0          0        108   memseta.o
        14          0          0          0          0         68   strlen.o
        98          0          0          0          0         92   uldiv.o
        40          2          0          0          0         68   cdrcmple.o
        56          0          0          0          0         88   d2f.o
       334          0          0          0          0        148   dadd.o
       222          0          0          0          0        100   ddiv.o
       190          0          0          0          0        176   depilogue.o
       228          0          0          0          0         96   dmul.o
       162          0          0          0          0        100   dsqrt.o
        38          0          0          0          0         68   f2d.o
       108          0          0          0          0        168   fepilogue.o

    ----------------------------------------------------------------------
      4596        310        240        700          0       3784   Library Totals
        18          0          0        696          0          0   (incl. Padding)

    ----------------------------------------------------------------------

      Code (inc. data)   RO Data    RW Data    ZI Data      Debug   Library Name

        38          0          0          0          0        504   driverlib.lib
      2610        286        240          0          0       1496   m_wm.l
       552         22          0          4          0        772   mc_w.l
      1378          2          0          0          0       1012   mf_w.l

    ----------------------------------------------------------------------
      4596        310        240        700          0       3784   Library Totals

    ----------------------------------------------------------------------

==============================================================================


      Code (inc. data)   RO Data    RW Data    ZI Data      Debug   

     34360       1774       7488       1644       1092     143205   Grand Totals
     34360       1774       7488        120       1092     143205   ELF Image Totals (compressed)
     34360       1774       7488        120          0          0   ROM Totals

==============================================================================

    Total RO  Size (Code + RO Data)                41848 (  40.87kB)
    Total RW  Size (RW Data + ZI Data)              2736 (   2.67kB)
    Total ROM Size (Code + RO Data + RW Data)      41968 (  40.98kB)

==============================================================================

